[secure.go2ubl.com/converter.html]
[signup.go2ubl.com/Home/EmailCheck.html]
[www.go2ubl.com/index.html]
[backblue.gif]
[fade.gif]
[index.html]
[www.go2ubl.com/nl.html]
[www.go2ubl.com/en.html]
[www.go2ubl.com/de.html]
[www.go2ubl.com/favicon.png]
[www.go2ubl.com/Assets/Scripts/Bootstrap/css/bootstrap.mind797.css]
[www.go2ubl.com/Assets/images/languages/NL.gif]
[www.go2ubl.com/EN-2.html]
[www.go2ubl.com/Assets/images/languages/EN.gif]
[www.go2ubl.com/DE-2.html]
[www.go2ubl.com/Assets/images/languages/DE.gif]
[www.go2ubl.com/Image8790.png]
[www.go2ubl.com/nl/hoe-werkt-het.html]
[www.go2ubl.com/nl/hoe-werkt-het/de-app.html]
[www.go2ubl.com/nl/hoe-werkt-het/ubbelen.html]
[www.go2ubl.com/nl/wie-is-go2ubl.html]
[www.go2ubl.com/nl/koppelingen.html]
[www.go2ubl.com/nl/tarieven.html]
[www.go2ubl.com/nl/veelgestelde-vragen.html]
[www.go2ubl.com/nl/contact.html]
[www.go2ubl.com/Imagecf70.jpg]
[www.go2ubl.com/Image107b.png]
[www.go2ubl.com/Imagea040.png]
[www.go2ubl.com/Image99be.png]
[www.go2ubl.com/NL1e85.html]
[www.go2ubl.com/NL084d.html]
[www.go2ubl.com/nl/in-het-nieuws/index084d.html]
[www.go2ubl.com/nl/in-het-nieuws/index1e85.html]
[www.go2ubl.com/NLd5e8.html]
[www.go2ubl.com/nl/in-het-nieuws/indexd5e8.html]
[www.go2ubl.com/NL40ac.html]
[www.go2ubl.com/NL3a9f.html]
[www.go2ubl.com/nl/in-het-nieuws/index3a9f.html]
[www.go2ubl.com/nl/in-het-nieuws/index4411.html]
[www.go2ubl.com/NL4411.html]
[www.go2ubl.com/nl/in-het-nieuws/indexcdef.html]
[www.go2ubl.com/NLcdef.html]
[www.go2ubl.com/nl/in-het-nieuws/index40ac.html]
[www.go2ubl.com/nl/in-het-nieuws/index1e35.html]
[www.go2ubl.com/NL1e35.html]
[www.go2ubl.com/NLab5e.html]
[www.go2ubl.com/nl/in-het-nieuws/indexab5e.html]
[www.go2ubl.com/nl/in-het-nieuws/index7df0.html]
[www.go2ubl.com/NL7df0.html]
[www.go2ubl.com/NL6396.html]
[www.go2ubl.com/nl/in-het-nieuws/index6396.html]
[www.go2ubl.com/in-het-nieuws.html]
[www.go2ubl.com/Assets/Applications/7270/images/ordner_2.jpg]
[www.go2ubl.com/Assets/Applications/7270/images/ordner_28.jpg]
[www.go2ubl.com/Assets/Applications/7270/images/ordner_192.jpg]
[www.go2ubl.com/Assets/Applications/7270/images/ordner_900.jpg]
[www.go2ubl.com/Imageb89f.png]
[www.go2ubl.com/Image9b68.png]
[www.go2ubl.com/Image9da3.png]
[www.go2ubl.com/Imageda7a.png]
[www.go2ubl.com/Image5354.png]
[www.go2ubl.com/Imagecef2.png]
[www.go2ubl.com/Image6324.png]
[www.go2ubl.com/Image7c53.png]
[www.go2ubl.com/Image3569.png]
[www.go2ubl.com/Image7ec2.png]
[www.go2ubl.com/Image7c17.png]
[www.go2ubl.com/publicaties.html]
[www.go2ubl.com/NLa9e4.html]
[www.go2ubl.com/nl/publicaties/indexa9e4.html]
[www.go2ubl.com/Imaged3bd.jpg]
[www.go2ubl.com/NL3ca5.html]
[www.go2ubl.com/nl/publicaties/index3ca5.html]
[www.go2ubl.com/Imageb275.png]
[www.go2ubl.com/NLfddb.html]
[www.go2ubl.com/nl/publicaties/indexfddb.html]
[www.go2ubl.com/Image2030.png]
[www.go2ubl.com/nl/publicaties/index0c98.html]
[www.go2ubl.com/NL0c98.html]
[www.go2ubl.com/Image34b1.png]
[www.go2ubl.com/NLd61c.html]
[www.go2ubl.com/NLdcfd.html]
[www.go2ubl.com/nl/publicaties/index2568.html]
[www.go2ubl.com/NL2568.html]
[www.go2ubl.com/Image851e.png]
[www.go2ubl.com/Imageb2f7.png]
[www.go2ubl.com/responsible-disclosure.html]
[www.go2ubl.com/Imagea481.pdf]
[www.go2ubl.com/index.html]
[secure.go2ubl.com/Content/go2ubl-v2-cssee04.css]
[ajax.aspnetcdn.com/ajax/jquery/jquery-2.0.0.min.js]
[secure.go2ubl.com/bundles/jqueryui8eb9]
[secure.go2ubl.com/bundles/modernizr8fce]
[secure.go2ubl.com/bundles/applicationf20c]
[secure.go2ubl.com/Content/images/go2ubl-logo.png]
[secure.go2ubl.com/bundles/Converterd6ec]
[secure.go2ubl.com/converter.html]
[signup.go2ubl.com/Content/images/go2ubl-logo.png]
[signup.go2ubl.com/Home/EmailCheck.html]
[www.go2ubl.com/nl.html]
[cdn.mouseflow.com/projects/7d7d0cef-dfba-4185-920c-a63434e89ecb_eu.js]
[www.go2ubl.com/NL-2.html]
[www.go2ubl.com/en/How-does-it-work.html]
[www.go2ubl.com/en/How-does-it-work/the-app.html]
[www.go2ubl.com/en/How-does-it-work/ubbelen.html]
[www.go2ubl.com/en/Who-is-go2UBL.html]
[www.go2ubl.com/en/Connections.html]
[www.go2ubl.com/en/Rates.html]
[www.go2ubl.com/en/FAQ.html]
[www.go2ubl.com/en/contact.html]
[www.go2ubl.com/ENd61c.html]
[www.go2ubl.com/ENdcfd.html]
[www.go2ubl.com/en.html]
[www.go2ubl.com/de/Wie-funktioniert-es.html]
[www.go2ubl.com/de/Wie-funktioniert-es/die-app.html]
[www.go2ubl.com/de/Wie-funktioniert-es/ubbelen.html]
[www.go2ubl.com/de/Wer-ist-go2UBL.html]
[www.go2ubl.com/de/Integration.html]
[www.go2ubl.com/de/Preise.html]
[www.go2ubl.com/de/FAQ.html]
[www.go2ubl.com/de/contact.html]
[www.go2ubl.com/DEd61c.html]
[www.go2ubl.com/DEdcfd.html]
[www.go2ubl.com/de.html]
[www.go2ubl.com/Assets/Scripts/Bootstrap/fonts/glyphicons-halflings-regular.eot]
[www.go2ubl.com/Assets/Scripts/Bootstrap/fonts/glyphicons-halflings-regulard41d.eot]
[www.go2ubl.com/Assets/Scripts/Bootstrap/fonts/glyphicons-halflings-regular.woff2]
[www.go2ubl.com/Assets/Scripts/Bootstrap/fonts/glyphicons-halflings-regular.woff]
[www.go2ubl.com/Assets/Scripts/Bootstrap/fonts/glyphicons-halflings-regular.ttf]
[www.go2ubl.com/Assets/Scripts/Bootstrap/css/bootstrap.mind797.css]
[www.go2ubl.com/EN-2.html]
[www.go2ubl.com/DE-2.html]
[www.go2ubl.com/Image05b1.jpg]
[www.go2ubl.com/NL/hoe-werkt-hetd61c.html]
[www.go2ubl.com/NL/hoe-werkt-hetdcfd.html]
[www.go2ubl.com/NL/hoe-werkt-heta9e4.html]
[www.go2ubl.com/NL/hoe-werkt-het3ca5.html]
[www.go2ubl.com/NL/hoe-werkt-hetfddb.html]
[www.go2ubl.com/NL/hoe-werkt-het0c98.html]
[www.go2ubl.com/NL/hoe-werkt-het2568.html]
[www.go2ubl.com/nl/hoe-werkt-het.html]
[www.go2ubl.com/Image71d0.jpg]
[www.go2ubl.com/veelgestelde-vragen.html]
[www.go2ubl.com/Image2f91.png]
[www.go2ubl.com/Image6ac4.png]
[www.go2ubl.com/Image7e68.png]
[www.go2ubl.com/Imagef28d.jpg]
[www.go2ubl.com/NL/hoe-werkt-het/de-appd61c.html]
[www.go2ubl.com/NL/hoe-werkt-het/de-appdcfd.html]
[www.go2ubl.com/NL/hoe-werkt-het/de-appa9e4.html]
[www.go2ubl.com/NL/hoe-werkt-het/de-app3ca5.html]
[www.go2ubl.com/NL/hoe-werkt-het/de-appfddb.html]
[www.go2ubl.com/NL/hoe-werkt-het/de-app0c98.html]
[www.go2ubl.com/NL/hoe-werkt-het/de-app2568.html]
[www.go2ubl.com/nl/hoe-werkt-het/de-app.html]
[www.go2ubl.com/Image26b6.jpg]
[www.go2ubl.com/informatie.html]
[www.go2ubl.com/Image23d1.jpg]
[www.go2ubl.com/Image5323.jpg]
[www.go2ubl.com/Image1ef3.jpg]
[www.go2ubl.com/Image9dfc.jpg]
[www.go2ubl.com/NL/hoe-werkt-het/ubbelend61c.html]
[www.go2ubl.com/NL/hoe-werkt-het/ubbelendcfd.html]
[www.go2ubl.com/NL/hoe-werkt-het/ubbelena9e4.html]
[www.go2ubl.com/NL/hoe-werkt-het/ubbelen3ca5.html]
[www.go2ubl.com/NL/hoe-werkt-het/ubbelenfddb.html]
[www.go2ubl.com/NL/hoe-werkt-het/ubbelen0c98.html]
[www.go2ubl.com/NL/hoe-werkt-het/ubbelen2568.html]
[www.go2ubl.com/nl/hoe-werkt-het/ubbelen.html]
[www.go2ubl.com/Imageca11.png]
[www.go2ubl.com/Imagebf97.jpg]
[www.go2ubl.com/Image75f3.jpg]
[www.go2ubl.com/Image35c7.jpg]
[www.go2ubl.com/Imagea661.jpg]
[www.go2ubl.com/Image4433.jpg]
[www.go2ubl.com/Image3846.jpg]
[www.go2ubl.com/Image8080.jpg]
[www.go2ubl.com/NL/wie-is-go2ubld61c.html]
[www.go2ubl.com/NL/wie-is-go2ubldcfd.html]
[www.go2ubl.com/NL/wie-is-go2ubla9e4.html]
[www.go2ubl.com/NL/wie-is-go2ubl3ca5.html]
[www.go2ubl.com/NL/wie-is-go2ublfddb.html]
[www.go2ubl.com/NL/wie-is-go2ubl0c98.html]
[www.go2ubl.com/NL/wie-is-go2ubl2568.html]
[www.go2ubl.com/nl/wie-is-go2ubl.html]
[www.go2ubl.com/Image7c0c.jpg]
[www.go2ubl.com/Image9359.png]
[www.go2ubl.com/Image8936.png]
[www.go2ubl.com/Image1521.png]
[www.go2ubl.com/Image41e0.png]
[www.go2ubl.com/Image4cf9.png]
[www.go2ubl.com/Imageb357.png]
[www.go2ubl.com/Image7233.png]
[www.go2ubl.com/Imagea2ad.png]
[www.go2ubl.com/Image7b4b.png]
[www.go2ubl.com/Imaged789.png]
[www.go2ubl.com/Image683a.png]
[www.go2ubl.com/Image8425.png]
[www.go2ubl.com/Imagefa4a.png]
[www.go2ubl.com/Image62fe.png]
[www.go2ubl.com/Image198a.png]
[www.go2ubl.com/Image3fe3.png]
[www.go2ubl.com/Image39a8.png]
[www.go2ubl.com/Image59fd.png]
[www.go2ubl.com/Image7a3c.png]
[www.go2ubl.com/Image603e.png]
[www.go2ubl.com/Imagebae3.png]
[www.go2ubl.com/Image23c7.png]
[www.go2ubl.com/Image0288.png]
[www.go2ubl.com/Image692e.png]
[www.go2ubl.com/Image03ae.png]
[www.go2ubl.com/Imagebe5e.png]
[www.go2ubl.com/Image6bb7.png]
[www.go2ubl.com/Image7f65.png]
[www.go2ubl.com/Imagecf7f.png]
[www.go2ubl.com/Image8a94.png]
[www.go2ubl.com/Imageac51.png]
[www.go2ubl.com/Imagebb42.png]
[www.go2ubl.com/Image891e.png]
[www.go2ubl.com/Imagebe98.png]
[www.go2ubl.com/Image9032.png]
[www.go2ubl.com/Imageae7e.png]
[www.go2ubl.com/Imagef036.png]
[www.go2ubl.com/Imagea8b9.png]
[www.go2ubl.com/Imageba96.png]
[www.go2ubl.com/Image392c.png]
[www.go2ubl.com/Image161e.png]
[www.go2ubl.com/Image1857.png]
[www.go2ubl.com/Image43fa.png]
[www.go2ubl.com/Imagef682.png]
[www.go2ubl.com/Imagec012.png]
[www.go2ubl.com/Image0fe8.png]
[www.go2ubl.com/Image89e6.png]
[www.go2ubl.com/Image8831.png]
[www.go2ubl.com/Image2d27.png]
[www.go2ubl.com/Image12d5.png]
[www.go2ubl.com/Imagec6a8.png]
[www.go2ubl.com/Image21f0.png]
[www.go2ubl.com/Image3f19.png]
[www.go2ubl.com/Image5d54.png]
[www.go2ubl.com/Image8fff.gif]
[www.go2ubl.com/api.html]
[www.go2ubl.com/Imagef4b0.jpg]
[www.go2ubl.com/NL/koppelingend61c.html]
[www.go2ubl.com/NL/koppelingendcfd.html]
[www.go2ubl.com/NL/koppelingena9e4.html]
[www.go2ubl.com/NL/koppelingen3ca5.html]
[www.go2ubl.com/NL/koppelingenfddb.html]
[www.go2ubl.com/NL/koppelingen0c98.html]
[www.go2ubl.com/NL/koppelingen2568.html]
[www.go2ubl.com/nl/koppelingen.html]
[www.go2ubl.com/Image2179.jpg]
[www.go2ubl.com/historische-tarieven.html]
[www.go2ubl.com/Image582a.png]
[www.go2ubl.com/NL/tarievend61c.html]
[www.go2ubl.com/NL/tarievendcfd.html]
[www.go2ubl.com/NL/tarievena9e4.html]
[www.go2ubl.com/NL/tarieven3ca5.html]
[www.go2ubl.com/NL/tarievenfddb.html]
[www.go2ubl.com/NL/tarieven0c98.html]
[www.go2ubl.com/NL/tarieven2568.html]
[www.go2ubl.com/nl/tarieven.html]
[www.go2ubl.com/Image03fe.jpg]
[www.go2ubl.com/koppelingen.html]
[www.go2ubl.com/Image2509.png]
[www.go2ubl.com/Image6874.pdf]
[www.go2ubl.com/Imagec571.png]
[www.go2ubl.com/Image8b0d.pdf]
[www.go2ubl.com/Image3dc2.pdf]
[www.go2ubl.com/Imaged369.pdf]
[www.go2ubl.com/Image357b.pdf]
[www.go2ubl.com/Imaged1cb.pdf]
[www.go2ubl.com/Imagea081.pdf]
[www.go2ubl.com/Imagea8c3.pdf]
[www.go2ubl.com/Image86bf.pdf]
[www.go2ubl.com/Image7112.pdf]
[www.go2ubl.com/Imagefe5c.pdf]
[www.go2ubl.com/Image1371.pdf]
[www.go2ubl.com/Image909a.pdf]
[www.go2ubl.com/NL/veelgestelde-vragend61c.html]
[www.go2ubl.com/NL/veelgestelde-vragendcfd.html]
[www.go2ubl.com/NL/veelgestelde-vragena9e4.html]
[www.go2ubl.com/NL/veelgestelde-vragen3ca5.html]
[www.go2ubl.com/NL/veelgestelde-vragenfddb.html]
[www.go2ubl.com/NL/veelgestelde-vragen0c98.html]
[www.go2ubl.com/nl/veelgestelde-vragen.html]
[www.go2ubl.com/NL/veelgestelde-vragen2568.html]
[www.go2ubl.com/Imagef361.jpg]
[www.go2ubl.com/Imagecae8.png]
[www.go2ubl.com/Imagefdf1.png]
[www.go2ubl.com/Imageec0a.png]
[www.go2ubl.com/Image2dc6.png]
[www.go2ubl.com/NL/contactd61c.html]
[www.go2ubl.com/NL/contactdcfd.html]
[www.go2ubl.com/NL/contacta9e4.html]
[www.go2ubl.com/NL/contact3ca5.html]
[www.go2ubl.com/NL/contactfddb.html]
[www.go2ubl.com/NL/contact0c98.html]
[www.go2ubl.com/NL/contact2568.html]
[www.go2ubl.com/nl/contact.html]
[www.go2ubl.com/nl/in-het-nieuws.html]
[www.go2ubl.com/en/in-het-nieuws.html]
[www.go2ubl.com/de/in-het-nieuws.html]
[www.go2ubl.com/NL/in-het-nieuws-2.html]
[www.go2ubl.com/NL/in-het-nieuwsd61c.html]
[www.go2ubl.com/NL/in-het-nieuwsdcfd.html]
[www.go2ubl.com/NL/in-het-nieuwsa9e4.html]
[www.go2ubl.com/NL/in-het-nieuws3ca5.html]
[www.go2ubl.com/NL/in-het-nieuwsfddb.html]
[www.go2ubl.com/NL/in-het-nieuws0c98.html]
[www.go2ubl.com/NL/in-het-nieuws2568.html]
[www.go2ubl.com/nl/in-het-nieuws/index1e85.html]
[www.go2ubl.com/NL1e85.html]
[www.go2ubl.com/nl/in-het-nieuws/index084d.html]
[www.go2ubl.com/NL084d.html]
[www.go2ubl.com/nl/in-het-nieuws/indexd5e8.html]
[www.go2ubl.com/NLd5e8.html]
[www.go2ubl.com/nl/in-het-nieuws/index40ac.html]
[www.go2ubl.com/NL40ac.html]
[www.go2ubl.com/nl/in-het-nieuws/index3a9f.html]
[www.go2ubl.com/NL3a9f.html]
[www.go2ubl.com/nl/in-het-nieuws/index4411.html]
[www.go2ubl.com/NL4411.html]
[www.go2ubl.com/nl/in-het-nieuws/indexcdef.html]
[www.go2ubl.com/NLcdef.html]
[www.go2ubl.com/nl/in-het-nieuws/index1e35.html]
[www.go2ubl.com/NL1e35.html]
[www.go2ubl.com/nl/in-het-nieuws/indexab5e.html]
[www.go2ubl.com/NLab5e.html]
[www.go2ubl.com/nl/in-het-nieuws/index7df0.html]
[www.go2ubl.com/NL7df0.html]
[www.go2ubl.com/nl/in-het-nieuws/index6396.html]
[www.go2ubl.com/NL6396.html]
[www.go2ubl.com/in-het-nieuws.html]
[www.go2ubl.com/nl/publicaties.html]
[www.go2ubl.com/en/publicaties.html]
[www.go2ubl.com/de/publicaties.html]
[www.go2ubl.com/Imageff17.jpg]
[www.go2ubl.com/NL4944.html]
[www.go2ubl.com/nl/publicaties/index4944.html]
[www.go2ubl.com/Image9a96.png]
[www.go2ubl.com/NLbb33.html]
[www.go2ubl.com/nl/publicaties/indexbb33.html]
[www.go2ubl.com/NL8803.html]
[www.go2ubl.com/nl/publicaties/index8803.html]
[www.go2ubl.com/Image6555.jpg]
[www.go2ubl.com/NLa916.html]
[www.go2ubl.com/nl/publicaties/indexa916.html]
[www.go2ubl.com/Image9e1e.png]
[www.go2ubl.com/nl/publicaties/indexd708.html]
[www.go2ubl.com/NLd708.html]
[www.go2ubl.com/Imagef36d.jpg]
[www.go2ubl.com/nl/publicaties/index6fb5.html]
[www.go2ubl.com/NL6fb5.html]
[www.go2ubl.com/Image01b5.png]
[www.go2ubl.com/NLdac1.html]
[www.go2ubl.com/nl/publicaties/indexdac1.html]
[www.go2ubl.com/Image05d7.jpg]
[www.go2ubl.com/NL0055.html]
[www.go2ubl.com/Imagea62c.jpg]
[www.go2ubl.com/nl/publicaties/index0055.html]
[www.go2ubl.com/nl/publicaties/index4ef9.html]
[www.go2ubl.com/NL4ef9.html]
[www.go2ubl.com/Image675b.png]
[www.go2ubl.com/NL6e03.html]
[www.go2ubl.com/nl/publicaties/index6e03.html]
[www.go2ubl.com/Imageaea9.jpg]
[www.go2ubl.com/NL87f1.html]
[www.go2ubl.com/nl/publicaties/index87f1.html]
[www.go2ubl.com/Image574a.jpg]
[www.go2ubl.com/NL681a.html]
[www.go2ubl.com/nl/publicaties/index681a.html]
[www.go2ubl.com/Imageaae3.png]
[www.go2ubl.com/nl/publicaties/index2728.html]
[www.go2ubl.com/NL2728.html]
[www.go2ubl.com/Image9d26.jpg]
[www.go2ubl.com/nl/publicaties/index190a.html]
[www.go2ubl.com/NL190a.html]
[www.go2ubl.com/Imaged1ce.jpg]
[www.go2ubl.com/NLa9bc.html]
[www.go2ubl.com/nl/publicaties/indexa9bc.html]
[www.go2ubl.com/Image5449.png]
[www.go2ubl.com/NLe5cc.html]
[www.go2ubl.com/nl/publicaties/indexe5cc.html]
[www.go2ubl.com/NL6258.html]
[www.go2ubl.com/nl/publicaties/index6258.html]
[www.go2ubl.com/NL2e5f.html]
[www.go2ubl.com/nl/publicaties/index2e5f.html]
[www.go2ubl.com/NL9c8a.html]
[www.go2ubl.com/nl/publicaties/index9c8a.html]
[www.go2ubl.com/NLea25.html]
[www.go2ubl.com/nl/publicaties/indexea25.html]
[www.go2ubl.com/NL9e43.html]
[www.go2ubl.com/NL3162.html]
[www.go2ubl.com/nl/publicaties/index9e43.html]
[www.go2ubl.com/nl/publicaties/index3162.html]
[www.go2ubl.com/nl/publicaties/index3773.html]
[www.go2ubl.com/NL3773.html]
[www.go2ubl.com/nl/publicaties/index95dc.html]
[www.go2ubl.com/NL95dc.html]
[www.go2ubl.com/nl/publicaties/index98dc.html]
[www.go2ubl.com/NL98dc.html]
[www.go2ubl.com/publicaties.html]
[www.go2ubl.com/NL/publicaties-2.html]
[www.go2ubl.com/NL/publicatiesd61c.html]
[www.go2ubl.com/NL/publicatiesdcfd.html]
[www.go2ubl.com/NL/publicatiesa9e4.html]
[www.go2ubl.com/NL/publicaties3ca5.html]
[www.go2ubl.com/NL/publicatiesfddb.html]
[www.go2ubl.com/NL/publicaties0c98.html]
[www.go2ubl.com/NL/publicaties2568.html]
[www.go2ubl.com/nl/publicaties/indexa9e4.html]
[www.go2ubl.com/NLa9e4.html]
[www.go2ubl.com/Imagef70f.png]
[www.go2ubl.com/nl/publicaties/index3ca5.html]
[www.go2ubl.com/NL3ca5.html]
[www.go2ubl.com/nl/publicaties/indexfddb.html]
[www.go2ubl.com/NLfddb.html]
[www.go2ubl.com/nl/publicaties/index0c98.html]
[www.go2ubl.com/NL0c98.html]
[www.go2ubl.com/NLd61c.html]
[www.go2ubl.com/NLdcfd.html]
[www.go2ubl.com/nl/publicaties/index2568.html]
[www.go2ubl.com/NL2568.html]
[www.go2ubl.com/nl/responsible-disclosure.html]
[www.go2ubl.com/en/responsible-disclosure.html]
[www.go2ubl.com/de/responsible-disclosure.html]
[www.go2ubl.com/Imagea22e.png]
[www.go2ubl.com/responsible-disclosure.html]
[secure.go2ubl.com/Content/images/animated-overlay.html]
[secure.go2ubl.com/Content/images/ui-bg_flat_75_ffffff_40x100.html]
[secure.go2ubl.com/Content/images/ui-bg_highlight-soft_75_cccccc_1x100.html]
[secure.go2ubl.com/Content/images/ui-bg_glass_75_e6e6e6_1x400.html]
[secure.go2ubl.com/Content/images/ui-bg_glass_75_dadada_1x400.html]
[secure.go2ubl.com/Content/images/ui-bg_glass_65_ffffff_1x400.html]
[secure.go2ubl.com/Content/images/ui-bg_glass_55_fbf9ee_1x400.html]
[secure.go2ubl.com/Content/images/ui-bg_glass_95_fef1ec_1x400.html]
[secure.go2ubl.com/Content/images/ui-icons_222222_256x240.html]
[secure.go2ubl.com/Content/images/ui-icons_888888_256x240.html]
[secure.go2ubl.com/Content/images/ui-icons_454545_256x240.html]
[secure.go2ubl.com/Content/images/ui-icons_2e83ff_256x240.html]
[secure.go2ubl.com/Content/images/ui-icons_cd0a0a_256x240.html]
[secure.go2ubl.com/Content/images/ui-bg_flat_0_aaaaaa_40x100.html]
[secure.go2ubl.com/fonts/glyphicons-halflings-regular.html]
[secure.go2ubl.com/fonts/glyphicons-halflings-regulard41d.html]
[secure.go2ubl.com/fonts/glyphicons-halflings-regular-2.html]
[secure.go2ubl.com/fonts/glyphicons-halflings-regular-3.html]
[secure.go2ubl.com/fonts/glyphicons-halflings-regular-4.html]
[secure.go2ubl.com/Content/font/fontawesome-webfontf77b.eot]
[secure.go2ubl.com/Content/font/fontawesome-webfontd41d.eot]
[secure.go2ubl.com/Content/font/fontawesome-webfontf77b.woff]
[secure.go2ubl.com/Content/font/fontawesome-webfontf77b.ttf]
[secure.go2ubl.com/img/foot-quote.html]
[secure.go2ubl.com/img/quote-blue.html]
[secure.go2ubl.com/img/bg_direction_nav.html]
[secure.go2ubl.com/Content/images/background_road.jpg]
[secure.go2ubl.com/Content/images/checkbox-off.png]
[secure.go2ubl.com/Content/images/checkbox-on.png]
[secure.go2ubl.com/Content/images/dropdown.png]
[secure.go2ubl.com/Content/go2ubl-v2-cssee04.css]
[www.go2ubl.com/NL-2.html]
[www.go2ubl.com/en/how-does-it-work-2.html]
[www.go2ubl.com/EN/How-does-it-workd61c.html]
[www.go2ubl.com/EN/How-does-it-workdcfd.html]
[www.go2ubl.com/en/How-does-it-work.html]
[www.go2ubl.com/en/how-does-it-work/the-app-2.html]
[www.go2ubl.com/EN/How-does-it-work/the-appd61c.html]
[www.go2ubl.com/EN/How-does-it-work/the-appdcfd.html]
[www.go2ubl.com/en/How-does-it-work/the-app.html]
[www.go2ubl.com/en/how-does-it-work/ubbelen-2.html]
[www.go2ubl.com/EN/How-does-it-work/ubbelend61c.html]
[www.go2ubl.com/EN/How-does-it-work/ubbelendcfd.html]
[www.go2ubl.com/en/How-does-it-work/ubbelen.html]
[www.go2ubl.com/en/who-is-go2ubl-2.html]
[www.go2ubl.com/EN/Who-is-go2UBLd61c.html]
[www.go2ubl.com/EN/Who-is-go2UBLdcfd.html]
[www.go2ubl.com/en/Who-is-go2UBL.html]
[www.go2ubl.com/en/connections-2.html]
[www.go2ubl.com/EN/Connectionsd61c.html]
[www.go2ubl.com/EN/Connectionsdcfd.html]
[www.go2ubl.com/en/Connections.html]
[www.go2ubl.com/en/rates-2.html]
[www.go2ubl.com/EN/Ratesd61c.html]
[www.go2ubl.com/EN/Ratesdcfd.html]
[www.go2ubl.com/en/Rates.html]
[www.go2ubl.com/en/faq-2.html]
[www.go2ubl.com/EN/FAQd61c.html]
[www.go2ubl.com/EN/FAQdcfd.html]
[www.go2ubl.com/en/FAQ.html]
[www.go2ubl.com/EN/contactd61c.html]
[www.go2ubl.com/EN/contactdcfd.html]
[www.go2ubl.com/en/contact.html]
[www.go2ubl.com/ENd61c.html]
[www.go2ubl.com/ENdcfd.html]
[www.go2ubl.com/de/wie-funktioniert-es-2.html]
[www.go2ubl.com/DE/Wie-funktioniert-esd61c.html]
[www.go2ubl.com/DE/Wie-funktioniert-esdcfd.html]
[www.go2ubl.com/de/Wie-funktioniert-es.html]
[www.go2ubl.com/de/wie-funktioniert-es/die-app-2.html]
[www.go2ubl.com/DE/Wie-funktioniert-es/die-appd61c.html]
[www.go2ubl.com/DE/Wie-funktioniert-es/die-appdcfd.html]
[www.go2ubl.com/de/Wie-funktioniert-es/die-app.html]
[www.go2ubl.com/de/wie-funktioniert-es/ubbelen-2.html]
[www.go2ubl.com/de/informatie.html]
[www.go2ubl.com/DE/Wie-funktioniert-es/ubbelend61c.html]
[www.go2ubl.com/DE/Wie-funktioniert-es/ubbelendcfd.html]
[www.go2ubl.com/de/Wie-funktioniert-es/ubbelen.html]
[www.go2ubl.com/de/wer-ist-go2ubl-2.html]
[www.go2ubl.com/DE/Wer-ist-go2UBLd61c.html]
[www.go2ubl.com/DE/Wer-ist-go2UBLdcfd.html]
[www.go2ubl.com/de/Wer-ist-go2UBL.html]
[www.go2ubl.com/de/integration-2.html]
[www.go2ubl.com/de/api.html]
[www.go2ubl.com/DE/Integrationd61c.html]
[www.go2ubl.com/DE/Integrationdcfd.html]
[www.go2ubl.com/de/Integration.html]
[www.go2ubl.com/de/preise-2.html]
[www.go2ubl.com/DE/Preised61c.html]
[www.go2ubl.com/DE/Preisedcfd.html]
[www.go2ubl.com/de/Preise.html]
[www.go2ubl.com/de/faq-2.html]
[www.go2ubl.com/DE/FAQd61c.html]
[www.go2ubl.com/DE/FAQdcfd.html]
[www.go2ubl.com/de/FAQ.html]
[www.go2ubl.com/DE/contactd61c.html]
[www.go2ubl.com/DE/contactdcfd.html]
[www.go2ubl.com/de/contact.html]
[www.go2ubl.com/DEd61c.html]
[www.go2ubl.com/DEdcfd.html]
[www.go2ubl.com/Assets/Scripts/Bootstrap/fonts/glyphicons-halflings-regular.svg]
[www.go2ubl.com/NL/hoe-werkt-het-2.html]
[www.go2ubl.com/NL/hoe-werkt-hetd61c.html]
[www.go2ubl.com/NL/hoe-werkt-hetdcfd.html]
[www.go2ubl.com/NL/hoe-werkt-heta9e4.html]
[www.go2ubl.com/NL/hoe-werkt-het3ca5.html]
[www.go2ubl.com/NL/hoe-werkt-hetfddb.html]
[www.go2ubl.com/NL/hoe-werkt-het0c98.html]
[www.go2ubl.com/NL/hoe-werkt-het2568.html]
[www.go2ubl.com/veelgestelde-vragen.html]
[www.go2ubl.com/NL/hoe-werkt-het/de-app-2.html]
[www.go2ubl.com/NL/hoe-werkt-het/de-appd61c.html]
[www.go2ubl.com/NL/hoe-werkt-het/de-appdcfd.html]
[www.go2ubl.com/NL/hoe-werkt-het/de-appa9e4.html]
[www.go2ubl.com/NL/hoe-werkt-het/de-app3ca5.html]
[www.go2ubl.com/NL/hoe-werkt-het/de-appfddb.html]
[www.go2ubl.com/NL/hoe-werkt-het/de-app0c98.html]
[www.go2ubl.com/NL/hoe-werkt-het/de-app2568.html]
[www.go2ubl.com/nl/informatie.html]
[www.go2ubl.com/en/informatie.html]
[www.go2ubl.com/Image173f.pdf]
[www.go2ubl.com/informatie.html]
[www.go2ubl.com/NL/hoe-werkt-het/ubbelen-2.html]
[www.go2ubl.com/NL/hoe-werkt-het/ubbelend61c.html]
[www.go2ubl.com/NL/hoe-werkt-het/ubbelendcfd.html]
[www.go2ubl.com/NL/hoe-werkt-het/ubbelena9e4.html]
[www.go2ubl.com/NL/hoe-werkt-het/ubbelen3ca5.html]
[www.go2ubl.com/NL/hoe-werkt-het/ubbelenfddb.html]
[www.go2ubl.com/NL/hoe-werkt-het/ubbelen0c98.html]
[www.go2ubl.com/NL/hoe-werkt-het/ubbelen2568.html]
[www.go2ubl.com/NL/wie-is-go2ubl-2.html]
[www.go2ubl.com/NL/wie-is-go2ubld61c.html]
[www.go2ubl.com/NL/wie-is-go2ubldcfd.html]
[www.go2ubl.com/NL/wie-is-go2ubla9e4.html]
[www.go2ubl.com/NL/wie-is-go2ubl3ca5.html]
[www.go2ubl.com/NL/wie-is-go2ublfddb.html]
[www.go2ubl.com/NL/wie-is-go2ubl0c98.html]
[www.go2ubl.com/NL/wie-is-go2ubl2568.html]
[www.go2ubl.com/nl/api.html]
[www.go2ubl.com/en/api.html]
[www.go2ubl.com/api.html]
[www.go2ubl.com/NL/koppelingen-2.html]
[www.go2ubl.com/NL/koppelingend61c.html]
[www.go2ubl.com/NL/koppelingendcfd.html]
[www.go2ubl.com/NL/koppelingena9e4.html]
[www.go2ubl.com/NL/koppelingen3ca5.html]
[www.go2ubl.com/NL/koppelingenfddb.html]
[www.go2ubl.com/NL/koppelingen0c98.html]
[www.go2ubl.com/NL/koppelingen2568.html]
[www.go2ubl.com/nl/historische-tarieven.html]
[www.go2ubl.com/en/historische-tarieven.html]
[www.go2ubl.com/de/historische-tarieven.html]
[www.go2ubl.com/Imagec555.jpg]
[www.go2ubl.com/historische-tarieven.html]
[www.go2ubl.com/NL/tarieven-2.html]
[www.go2ubl.com/NL/tarievend61c.html]
[www.go2ubl.com/NL/tarievendcfd.html]
[www.go2ubl.com/NL/tarievena9e4.html]
[www.go2ubl.com/NL/tarieven3ca5.html]
[www.go2ubl.com/NL/tarievenfddb.html]
[www.go2ubl.com/NL/tarieven0c98.html]
[www.go2ubl.com/NL/tarieven2568.html]
[www.go2ubl.com/koppelingen.html]
[www.go2ubl.com/NL/veelgestelde-vragend61c.html]
[www.go2ubl.com/NL/veelgestelde-vragen-2.html]
[www.go2ubl.com/NL/veelgestelde-vragendcfd.html]
[www.go2ubl.com/NL/veelgestelde-vragena9e4.html]
[www.go2ubl.com/NL/veelgestelde-vragen3ca5.html]
[www.go2ubl.com/NL/veelgestelde-vragenfddb.html]
[www.go2ubl.com/NL/veelgestelde-vragen0c98.html]
[www.go2ubl.com/NL/veelgestelde-vragen2568.html]
[www.go2ubl.com/NL/contact-2.html]
[www.go2ubl.com/NL/contactd61c.html]
[www.go2ubl.com/NL/contactdcfd.html]
[www.go2ubl.com/NL/contacta9e4.html]
[www.go2ubl.com/NL/contact3ca5.html]
[www.go2ubl.com/NL/contactfddb.html]
[www.go2ubl.com/NL/contact0c98.html]
[www.go2ubl.com/NL/contact2568.html]
[www.go2ubl.com/NL/in-het-nieuws1e85.html]
[www.go2ubl.com/NL/in-het-nieuws084d.html]
[www.go2ubl.com/NL/in-het-nieuwsd5e8.html]
[www.go2ubl.com/NL/in-het-nieuws40ac.html]
[www.go2ubl.com/NL/in-het-nieuws3a9f.html]
[www.go2ubl.com/NL/in-het-nieuws4411.html]
[www.go2ubl.com/NL/in-het-nieuwscdef.html]
[www.go2ubl.com/NL/in-het-nieuws1e35.html]
[www.go2ubl.com/NL/in-het-nieuwsab5e.html]
[www.go2ubl.com/NL/in-het-nieuws7df0.html]
[www.go2ubl.com/NL/in-het-nieuws6396.html]
[www.go2ubl.com/nl/in-het-nieuws.html]
[www.go2ubl.com/EN/in-het-nieuwsd61c.html]
[www.go2ubl.com/EN/in-het-nieuwsdcfd.html]
[www.go2ubl.com/en/in-het-nieuws.html]
[www.go2ubl.com/DE/in-het-nieuwsd61c.html]
[www.go2ubl.com/DE/in-het-nieuwsdcfd.html]
[www.go2ubl.com/de/in-het-nieuws.html]
[www.go2ubl.com/NL/in-het-nieuws-2.html]
[www.go2ubl.com/NL/in-het-nieuwsd61c.html]
[www.go2ubl.com/NL/in-het-nieuwsdcfd.html]
[www.go2ubl.com/NL/in-het-nieuwsa9e4.html]
[www.go2ubl.com/NL/in-het-nieuws3ca5.html]
[www.go2ubl.com/NL/in-het-nieuwsfddb.html]
[www.go2ubl.com/NL/in-het-nieuws0c98.html]
[www.go2ubl.com/NL/in-het-nieuws2568.html]
[www.go2ubl.com/NL/publicaties4944.html]
[www.go2ubl.com/NL/publicatiesbb33.html]
[www.go2ubl.com/NL/publicaties8803.html]
[www.go2ubl.com/NL/publicatiesa916.html]
[www.go2ubl.com/NL/publicatiesd708.html]
[www.go2ubl.com/NL/publicaties6fb5.html]
[www.go2ubl.com/NL/publicatiesdac1.html]
[www.go2ubl.com/NL/publicaties0055.html]
[www.go2ubl.com/NL/publicaties4ef9.html]
[www.go2ubl.com/NL/publicaties6e03.html]
[www.go2ubl.com/NL/publicaties87f1.html]
[www.go2ubl.com/NL/publicaties681a.html]
[www.go2ubl.com/NL/publicaties2728.html]
[www.go2ubl.com/NL/publicaties190a.html]
[www.go2ubl.com/NL/publicatiesa9bc.html]
[www.go2ubl.com/NL/publicatiese5cc.html]
[www.go2ubl.com/NL/publicaties6258.html]
[www.go2ubl.com/NL/publicaties2e5f.html]
[www.go2ubl.com/NL/publicaties9c8a.html]
[www.go2ubl.com/NL/publicatiesea25.html]
[www.go2ubl.com/NL/publicaties9e43.html]
[www.go2ubl.com/NL/publicaties3162.html]
[www.go2ubl.com/NL/publicaties3773.html]
[www.go2ubl.com/NL/publicaties95dc.html]
[www.go2ubl.com/NL/publicaties98dc.html]
[www.go2ubl.com/nl/publicaties.html]
[www.go2ubl.com/EN/publicatiesd61c.html]
[www.go2ubl.com/EN/publicatiesdcfd.html]
[www.go2ubl.com/en/publicaties.html]
[www.go2ubl.com/DE/publicatiesd61c.html]
[www.go2ubl.com/DE/publicatiesdcfd.html]
[www.go2ubl.com/de/publicaties.html]
[www.go2ubl.com/nl/publicaties/index4944.html]
[www.go2ubl.com/NL4944.html]
[www.go2ubl.com/nl/publicaties/indexbb33.html]
[www.go2ubl.com/NLbb33.html]
[www.go2ubl.com/nl/publicaties/index8803.html]
[www.go2ubl.com/NL8803.html]
[www.go2ubl.com/nl/publicaties/indexa916.html]
[www.go2ubl.com/NLa916.html]
[www.go2ubl.com/nl/publicaties/indexd708.html]
[www.go2ubl.com/NLd708.html]
[www.go2ubl.com/nl/publicaties/index6fb5.html]
[www.go2ubl.com/NL6fb5.html]
[www.go2ubl.com/nl/publicaties/indexdac1.html]
[www.go2ubl.com/NLdac1.html]
[www.go2ubl.com/nl/publicaties/index0055.html]
[www.go2ubl.com/NL0055.html]
[www.go2ubl.com/nl/publicaties/index4ef9.html]
[www.go2ubl.com/NL4ef9.html]
[www.go2ubl.com/nl/publicaties/index6e03.html]
[www.go2ubl.com/NL6e03.html]
[www.go2ubl.com/nl/publicaties/index87f1.html]
[www.go2ubl.com/NL87f1.html]
[www.go2ubl.com/nl/publicaties/index681a.html]
[www.go2ubl.com/NL681a.html]
[www.go2ubl.com/nl/publicaties/index2728.html]
[www.go2ubl.com/NL2728.html]
[www.go2ubl.com/nl/publicaties/index190a.html]
[www.go2ubl.com/NL190a.html]
[www.go2ubl.com/nl/publicaties/indexa9bc.html]
[www.go2ubl.com/NLa9bc.html]
[www.go2ubl.com/nl/publicaties/indexe5cc.html]
[www.go2ubl.com/NLe5cc.html]
[www.go2ubl.com/nl/publicaties/index6258.html]
[www.go2ubl.com/NL6258.html]
[www.go2ubl.com/nl/publicaties/index2e5f.html]
[www.go2ubl.com/NL2e5f.html]
[www.go2ubl.com/nl/publicaties/index9c8a.html]
[www.go2ubl.com/NL9c8a.html]
[www.go2ubl.com/nl/publicaties/indexea25.html]
[www.go2ubl.com/NLea25.html]
[www.go2ubl.com/nl/publicaties/index9e43.html]
[www.go2ubl.com/NL9e43.html]
[www.go2ubl.com/nl/publicaties/index3162.html]
[www.go2ubl.com/NL3162.html]
[www.go2ubl.com/nl/publicaties/index3773.html]
[www.go2ubl.com/NL3773.html]
[www.go2ubl.com/nl/publicaties/index95dc.html]
[www.go2ubl.com/NL95dc.html]
[www.go2ubl.com/nl/publicaties/index98dc.html]
[www.go2ubl.com/NL98dc.html]
[www.go2ubl.com/NL/publicaties-2.html]
[www.go2ubl.com/NL/publicatiesd61c.html]
[www.go2ubl.com/NL/publicatiesdcfd.html]
[www.go2ubl.com/NL/publicatiesa9e4.html]
[www.go2ubl.com/NL/publicaties3ca5.html]
[www.go2ubl.com/NL/publicatiesfddb.html]
[www.go2ubl.com/NL/publicaties0c98.html]
[www.go2ubl.com/NL/publicaties2568.html]
[www.go2ubl.com/NL/responsible-disclosured61c.html]
[www.go2ubl.com/NL/responsible-disclosuredcfd.html]
[www.go2ubl.com/NL/responsible-disclosurea9e4.html]
[www.go2ubl.com/NL/responsible-disclosure3ca5.html]
[www.go2ubl.com/NL/responsible-disclosurefddb.html]
[www.go2ubl.com/NL/responsible-disclosure0c98.html]
[www.go2ubl.com/NL/responsible-disclosure2568.html]
[www.go2ubl.com/nl/responsible-disclosure.html]
[www.go2ubl.com/EN/responsible-disclosured61c.html]
[www.go2ubl.com/EN/responsible-disclosuredcfd.html]
[www.go2ubl.com/en/responsible-disclosure.html]
[www.go2ubl.com/DE/responsible-disclosured61c.html]
[www.go2ubl.com/DE/responsible-disclosuredcfd.html]
[www.go2ubl.com/de/responsible-disclosure.html]
[secure.go2ubl.com/Content/images/animated-overlay.html]
[secure.go2ubl.com/Content/images/ui-bg_flat_75_ffffff_40x100.html]
[secure.go2ubl.com/Content/images/ui-bg_highlight-soft_75_cccccc_1x100.html]
[secure.go2ubl.com/Content/images/ui-bg_glass_75_e6e6e6_1x400.html]
[secure.go2ubl.com/Content/images/ui-bg_glass_75_dadada_1x400.html]
[secure.go2ubl.com/Content/images/ui-bg_glass_65_ffffff_1x400.html]
[secure.go2ubl.com/Content/images/ui-bg_glass_55_fbf9ee_1x400.html]
[secure.go2ubl.com/Content/images/ui-bg_glass_95_fef1ec_1x400.html]
[secure.go2ubl.com/Content/images/ui-icons_222222_256x240.html]
[secure.go2ubl.com/Content/images/ui-icons_888888_256x240.html]
[secure.go2ubl.com/Content/images/ui-icons_454545_256x240.html]
[secure.go2ubl.com/Content/images/ui-icons_2e83ff_256x240.html]
[secure.go2ubl.com/Content/images/ui-icons_cd0a0a_256x240.html]
[secure.go2ubl.com/Content/images/ui-bg_flat_0_aaaaaa_40x100.html]
[secure.go2ubl.com/fonts/glyphicons-halflings-regular.html]
[secure.go2ubl.com/fonts/glyphicons-halflings-regulard41d.html]
[secure.go2ubl.com/fonts/glyphicons-halflings-regular-2.html]
[secure.go2ubl.com/fonts/glyphicons-halflings-regular-3.html]
[secure.go2ubl.com/fonts/glyphicons-halflings-regular-4.html]
[secure.go2ubl.com/Content/bootstrap-css6460.css]
[secure.go2ubl.com/Content/font/fontawesome-webfont.svg]
[secure.go2ubl.com/img/foot-quote.html]
[secure.go2ubl.com/img/quote-blue.html]
[secure.go2ubl.com/img/bg_direction_nav.html]
[secure.go2ubl.com/img/prettyPhoto/default/sprite.html]
[secure.go2ubl.com/img/prettyPhoto/default/sprite_x.html]
[secure.go2ubl.com/img/prettyPhoto/default/sprite_y.html]
[secure.go2ubl.com/img/prettyPhoto/default/sprite_next.html]
[secure.go2ubl.com/img/prettyPhoto/default/sprite_prev.html]
[secure.go2ubl.com/img/prettyPhoto/default/default_thumb.html]
[secure.go2ubl.com/img/prettyPhoto/default/loader.html]
[secure.go2ubl.com/img/prettyPhoto/light_rounded/sprite.html]
[secure.go2ubl.com/img/prettyPhoto/light_rounded/btnNext.html]
[secure.go2ubl.com/img/prettyPhoto/light_rounded/btnPrevious.html]
[secure.go2ubl.com/img/prettyPhoto/dark_rounded/sprite.html]
[secure.go2ubl.com/img/prettyPhoto/dark_rounded/contentPattern.html]
[secure.go2ubl.com/img/prettyPhoto/dark_rounded/btnNext.html]
[secure.go2ubl.com/img/prettyPhoto/dark_rounded/btnPrevious.html]
[secure.go2ubl.com/img/prettyPhoto/dark_rounded/loader.html]
[secure.go2ubl.com/img/prettyPhoto/dark_square/loader.html]
[secure.go2ubl.com/img/prettyPhoto/dark_square/sprite.html]
[secure.go2ubl.com/img/prettyPhoto/dark_square/btnNext.html]
[secure.go2ubl.com/img/prettyPhoto/dark_square/btnPrevious.html]
[secure.go2ubl.com/img/prettyPhoto/light_square/sprite.html]
[secure.go2ubl.com/img/prettyPhoto/light_square/btnNext.html]
[secure.go2ubl.com/img/prettyPhoto/light_square/btnPrevious.html]
[secure.go2ubl.com/img/prettyPhoto/facebook/sprite.html]
[secure.go2ubl.com/img/prettyPhoto/facebook/contentPatternTop.html]
[secure.go2ubl.com/img/prettyPhoto/facebook/contentPatternLeft.html]
[secure.go2ubl.com/img/prettyPhoto/facebook/contentPatternRight.html]
[secure.go2ubl.com/img/prettyPhoto/facebook/loader.html]
[secure.go2ubl.com/img/prettyPhoto/facebook/btnNext.html]
[secure.go2ubl.com/img/prettyPhoto/facebook/btnPrevious.html]
[secure.go2ubl.com/img/prettyPhoto/facebook/contentPatternBottom.html]
[secure.go2ubl.com/img/prettyPhoto/facebook/default_thumbnail.html]
[secure.go2ubl.com/img/prettyPhoto/light_rounded/loader.html]
[www.go2ubl.com/EN/how-does-it-workd61c-2.html]
[www.go2ubl.com/EN/how-does-it-workdcfd-2.html]
[www.go2ubl.com/en/how-does-it-work-2.html]
[www.go2ubl.com/en/tarieven.html]
[www.go2ubl.com/EN/How-does-it-work-3.html]
[www.go2ubl.com/EN/How-does-it-workd61c.html]
[www.go2ubl.com/EN/How-does-it-workdcfd.html]
[www.go2ubl.com/EN/how-does-it-work/the-appd61c-2.html]
[www.go2ubl.com/EN/how-does-it-work/the-appdcfd-2.html]
[www.go2ubl.com/en/how-does-it-work/the-app-2.html]
[www.go2ubl.com/EN/How-does-it-work/the-app-3.html]
[www.go2ubl.com/EN/How-does-it-work/the-appd61c.html]
[www.go2ubl.com/EN/How-does-it-work/the-appdcfd.html]
[www.go2ubl.com/EN/how-does-it-work/ubbelend61c-2.html]
[www.go2ubl.com/EN/how-does-it-work/ubbelendcfd-2.html]
[www.go2ubl.com/en/how-does-it-work/ubbelen-2.html]
[www.go2ubl.com/EN/How-does-it-work/ubbelen-3.html]
[www.go2ubl.com/EN/How-does-it-work/ubbelend61c.html]
[www.go2ubl.com/EN/How-does-it-work/ubbelendcfd.html]
[www.go2ubl.com/EN/who-is-go2ubld61c-2.html]
[www.go2ubl.com/EN/who-is-go2ubldcfd-2.html]
[www.go2ubl.com/en/who-is-go2ubl-2.html]
[www.go2ubl.com/EN/Who-is-go2UBL-3.html]
[www.go2ubl.com/EN/Who-is-go2UBLd61c.html]
[www.go2ubl.com/EN/Who-is-go2UBLdcfd.html]
[www.go2ubl.com/EN/connectionsd61c-2.html]
[www.go2ubl.com/EN/connectionsdcfd-2.html]
[www.go2ubl.com/en/connections-2.html]
[www.go2ubl.com/EN/Connections-3.html]
[www.go2ubl.com/EN/Connectionsd61c.html]
[www.go2ubl.com/EN/Connectionsdcfd.html]
[www.go2ubl.com/EN/ratesd61c-2.html]
[www.go2ubl.com/EN/ratesdcfd-2.html]
[www.go2ubl.com/en/rates-2.html]
[www.go2ubl.com/EN/Rates-3.html]
[www.go2ubl.com/EN/Ratesd61c.html]
[www.go2ubl.com/EN/Ratesdcfd.html]
[www.go2ubl.com/EN/faqd61c-2.html]
[www.go2ubl.com/EN/faqdcfd-2.html]
[www.go2ubl.com/en/faq-2.html]
[www.go2ubl.com/EN/FAQ-3.html]
[www.go2ubl.com/EN/FAQd61c.html]
[www.go2ubl.com/EN/FAQdcfd.html]
[www.go2ubl.com/EN/contact-2.html]
[www.go2ubl.com/EN/contactd61c.html]
[www.go2ubl.com/EN/contactdcfd.html]
[www.go2ubl.com/DE/wie-funktioniert-esd61c-2.html]
[www.go2ubl.com/DE/wie-funktioniert-esdcfd-2.html]
[www.go2ubl.com/de/wie-funktioniert-es-2.html]
[www.go2ubl.com/de/tarieven.html]
[www.go2ubl.com/DE/Wie-funktioniert-es-3.html]
[www.go2ubl.com/DE/Wie-funktioniert-esd61c.html]
[www.go2ubl.com/DE/Wie-funktioniert-esdcfd.html]
[www.go2ubl.com/DE/wie-funktioniert-es/die-appd61c-2.html]
[www.go2ubl.com/DE/wie-funktioniert-es/die-appdcfd-2.html]
[www.go2ubl.com/de/wie-funktioniert-es/die-app-2.html]
[www.go2ubl.com/DE/Wie-funktioniert-es/die-app-3.html]
[www.go2ubl.com/DE/Wie-funktioniert-es/die-appd61c.html]
[www.go2ubl.com/DE/Wie-funktioniert-es/die-appdcfd.html]
[www.go2ubl.com/DE/wie-funktioniert-es/ubbelend61c-2.html]
[www.go2ubl.com/DE/wie-funktioniert-es/ubbelendcfd-2.html]
[www.go2ubl.com/de/wie-funktioniert-es/ubbelen-2.html]
[www.go2ubl.com/DE/informatied61c.html]
[www.go2ubl.com/DE/informatiedcfd.html]
[www.go2ubl.com/de/informatie.html]
[www.go2ubl.com/DE/Wie-funktioniert-es/ubbelen-3.html]
[www.go2ubl.com/DE/Wie-funktioniert-es/ubbelend61c.html]
[www.go2ubl.com/DE/Wie-funktioniert-es/ubbelendcfd.html]
[www.go2ubl.com/DE/wer-ist-go2ubld61c-2.html]
[www.go2ubl.com/DE/wer-ist-go2ubldcfd-2.html]
[www.go2ubl.com/de/wer-ist-go2ubl-2.html]
[www.go2ubl.com/DE/Wer-ist-go2UBL-3.html]
[www.go2ubl.com/DE/Wer-ist-go2UBLd61c.html]
[www.go2ubl.com/DE/Wer-ist-go2UBLdcfd.html]
[www.go2ubl.com/DE/integrationd61c-2.html]
[www.go2ubl.com/DE/integrationdcfd-2.html]
[www.go2ubl.com/de/integration-2.html]
[www.go2ubl.com/DE/apid61c.html]
[www.go2ubl.com/DE/apidcfd.html]
[www.go2ubl.com/de/api.html]
[www.go2ubl.com/DE/Integration-3.html]
[www.go2ubl.com/DE/Integrationd61c.html]
[www.go2ubl.com/DE/Integrationdcfd.html]
[www.go2ubl.com/DE/preised61c-2.html]
[www.go2ubl.com/DE/preisedcfd-2.html]
[www.go2ubl.com/de/preise-2.html]
[www.go2ubl.com/DE/Preise-3.html]
[www.go2ubl.com/DE/Preised61c.html]
[www.go2ubl.com/DE/Preisedcfd.html]
[www.go2ubl.com/DE/faqd61c-2.html]
[www.go2ubl.com/DE/faqdcfd-2.html]
[www.go2ubl.com/de/faq-2.html]
[www.go2ubl.com/DE/FAQd61c.html]
[www.go2ubl.com/DE/FAQdcfd.html]
[www.go2ubl.com/DE/FAQ-3.html]
[www.go2ubl.com/DE/contact-2.html]
[www.go2ubl.com/DE/contactd61c.html]
[www.go2ubl.com/DE/contactdcfd.html]
[www.go2ubl.com/Assets/headerincludes-20200722-39450.css]
[www.go2ubl.com/Assets/headerincludes-20200722-39450.js]
[www.go2ubl.com/NL/hoe-werkt-het-2.html]
[www.go2ubl.com/NL/hoe-werkt-het/de-app-2.html]
[www.go2ubl.com/NL/informatied61c.html]
[www.go2ubl.com/NL/informatiedcfd.html]
[www.go2ubl.com/NL/informatiea9e4.html]
[www.go2ubl.com/NL/informatie3ca5.html]
[www.go2ubl.com/NL/informatiefddb.html]
[www.go2ubl.com/NL/informatie0c98.html]
[www.go2ubl.com/NL/informatie2568.html]
[www.go2ubl.com/nl/informatie.html]
[www.go2ubl.com/EN/informatied61c.html]
[www.go2ubl.com/EN/informatiedcfd.html]
[www.go2ubl.com/en/informatie.html]
[www.go2ubl.com/NL/hoe-werkt-het/ubbelen-2.html]
[www.go2ubl.com/NL/wie-is-go2ubl-2.html]
[www.go2ubl.com/NL/apid61c.html]
[www.go2ubl.com/NL/apidcfd.html]
[www.go2ubl.com/NL/apia9e4.html]
[www.go2ubl.com/NL/api3ca5.html]
[www.go2ubl.com/NL/apifddb.html]
[www.go2ubl.com/NL/api0c98.html]
[www.go2ubl.com/NL/api2568.html]
[www.go2ubl.com/nl/api.html]
[www.go2ubl.com/EN/apid61c.html]
[www.go2ubl.com/EN/apidcfd.html]
[www.go2ubl.com/en/api.html]
[www.go2ubl.com/NL/koppelingen-2.html]
[www.go2ubl.com/NL/historische-tarievend61c.html]
[www.go2ubl.com/NL/historische-tarievendcfd.html]
[www.go2ubl.com/NL/historische-tarievena9e4.html]
[www.go2ubl.com/NL/historische-tarieven3ca5.html]
[www.go2ubl.com/NL/historische-tarievenfddb.html]
[www.go2ubl.com/NL/historische-tarieven0c98.html]
[www.go2ubl.com/NL/historische-tarieven2568.html]
[www.go2ubl.com/nl/historische-tarieven.html]
[www.go2ubl.com/EN/historische-tarievend61c.html]
[www.go2ubl.com/EN/historische-tarievendcfd.html]
[www.go2ubl.com/en/historische-tarieven.html]
[www.go2ubl.com/DE/historische-tarievend61c.html]
[www.go2ubl.com/DE/historische-tarievendcfd.html]
[www.go2ubl.com/de/historische-tarieven.html]
[www.go2ubl.com/NL/tarieven-2.html]
[www.go2ubl.com/NL/veelgestelde-vragen-2.html]
[www.go2ubl.com/NL/contact-2.html]
[www.go2ubl.com/NL/in-het-nieuws1e85.html]
[www.go2ubl.com/NL/in-het-nieuws084d.html]
[www.go2ubl.com/NL/in-het-nieuwsd5e8.html]
[www.go2ubl.com/NL/in-het-nieuws40ac.html]
[www.go2ubl.com/NL/in-het-nieuws3a9f.html]
[www.go2ubl.com/NL/in-het-nieuws4411.html]
[www.go2ubl.com/NL/in-het-nieuwscdef.html]
[www.go2ubl.com/NL/in-het-nieuws1e35.html]
[www.go2ubl.com/NL/in-het-nieuwsab5e.html]
[www.go2ubl.com/NL/in-het-nieuws7df0.html]
[www.go2ubl.com/NL/in-het-nieuws6396.html]
[www.go2ubl.com/EN/in-het-nieuws-2.html]
[www.go2ubl.com/EN/in-het-nieuwsd61c.html]
[www.go2ubl.com/EN/in-het-nieuwsdcfd.html]
[www.go2ubl.com/DE/in-het-nieuws-2.html]
[www.go2ubl.com/DE/in-het-nieuwsd61c.html]
[www.go2ubl.com/DE/in-het-nieuwsdcfd.html]
[www.go2ubl.com/NL/publicaties4944.html]
[www.go2ubl.com/NL/publicatiesbb33.html]
[www.go2ubl.com/NL/publicaties8803.html]
[www.go2ubl.com/NL/publicatiesa916.html]
[www.go2ubl.com/NL/publicatiesd708.html]
[www.go2ubl.com/NL/publicaties6fb5.html]
[www.go2ubl.com/NL/publicatiesdac1.html]
[www.go2ubl.com/NL/publicaties0055.html]
[www.go2ubl.com/NL/publicaties4ef9.html]
[www.go2ubl.com/NL/publicaties6e03.html]
[www.go2ubl.com/NL/publicaties87f1.html]
[www.go2ubl.com/NL/publicaties681a.html]
[www.go2ubl.com/NL/publicaties2728.html]
[www.go2ubl.com/NL/publicaties190a.html]
[www.go2ubl.com/NL/publicatiesa9bc.html]
[www.go2ubl.com/NL/publicatiese5cc.html]
[www.go2ubl.com/NL/publicaties6258.html]
[www.go2ubl.com/NL/publicaties2e5f.html]
[www.go2ubl.com/NL/publicaties9c8a.html]
[www.go2ubl.com/NL/publicatiesea25.html]
[www.go2ubl.com/NL/publicaties9e43.html]
[www.go2ubl.com/NL/publicaties3162.html]
[www.go2ubl.com/NL/publicaties3773.html]
[www.go2ubl.com/NL/publicaties95dc.html]
[www.go2ubl.com/NL/publicaties98dc.html]
[www.go2ubl.com/EN/publicaties-2.html]
[www.go2ubl.com/EN/publicatiesd61c.html]
[www.go2ubl.com/EN/publicatiesdcfd.html]
[www.go2ubl.com/DE/publicaties-2.html]
[www.go2ubl.com/DE/publicatiesd61c.html]
[www.go2ubl.com/DE/publicatiesdcfd.html]
[www.go2ubl.com/NL/responsible-disclosure-2.html]
[www.go2ubl.com/NL/responsible-disclosured61c.html]
[www.go2ubl.com/NL/responsible-disclosuredcfd.html]
[www.go2ubl.com/NL/responsible-disclosurea9e4.html]
[www.go2ubl.com/NL/responsible-disclosure3ca5.html]
[www.go2ubl.com/NL/responsible-disclosurefddb.html]
[www.go2ubl.com/NL/responsible-disclosure0c98.html]
[www.go2ubl.com/NL/responsible-disclosure2568.html]
[www.go2ubl.com/EN/responsible-disclosure-2.html]
[www.go2ubl.com/EN/responsible-disclosured61c.html]
[www.go2ubl.com/EN/responsible-disclosuredcfd.html]
[www.go2ubl.com/DE/responsible-disclosure-2.html]
[www.go2ubl.com/DE/responsible-disclosured61c.html]
[www.go2ubl.com/DE/responsible-disclosuredcfd.html]
[secure.go2ubl.com/Content/bootstrap-css6460.css]
[www.go2ubl.com/EN/how-does-it-work-4.html]
[www.go2ubl.com/EN/how-does-it-workd61c-2.html]
[www.go2ubl.com/EN/how-does-it-workdcfd-2.html]
[www.go2ubl.com/EN/How-does-it-work-3.html]
[www.go2ubl.com/EN/how-does-it-work/the-app-4.html]
[www.go2ubl.com/EN/how-does-it-work/the-appd61c-2.html]
[www.go2ubl.com/EN/how-does-it-work/the-appdcfd-2.html]
[www.go2ubl.com/EN/How-does-it-work/the-app-3.html]
[www.go2ubl.com/EN/how-does-it-work/ubbelen-4.html]
[www.go2ubl.com/EN/how-does-it-work/ubbelend61c-2.html]
[www.go2ubl.com/EN/how-does-it-work/ubbelendcfd-2.html]
[www.go2ubl.com/EN/How-does-it-work/ubbelen-3.html]
[www.go2ubl.com/EN/who-is-go2ubl-4.html]
[www.go2ubl.com/EN/who-is-go2ubld61c-2.html]
[www.go2ubl.com/EN/who-is-go2ubldcfd-2.html]
[www.go2ubl.com/EN/Who-is-go2UBL-3.html]
[www.go2ubl.com/EN/connections-4.html]
[www.go2ubl.com/EN/connectionsd61c-2.html]
[www.go2ubl.com/EN/connectionsdcfd-2.html]
[www.go2ubl.com/EN/Connections-3.html]
[www.go2ubl.com/EN/rates-4.html]
[www.go2ubl.com/EN/ratesd61c-2.html]
[www.go2ubl.com/EN/ratesdcfd-2.html]
[www.go2ubl.com/EN/Rates-3.html]
[www.go2ubl.com/EN/faq-4.html]
[www.go2ubl.com/EN/faqd61c-2.html]
[www.go2ubl.com/EN/faqdcfd-2.html]
[www.go2ubl.com/EN/FAQ-3.html]
[www.go2ubl.com/EN/contact-2.html]
[www.go2ubl.com/DE/wie-funktioniert-es-4.html]
[www.go2ubl.com/DE/wie-funktioniert-esd61c-2.html]
[www.go2ubl.com/DE/wie-funktioniert-esdcfd-2.html]
[www.go2ubl.com/DE/Wie-funktioniert-es-3.html]
[www.go2ubl.com/DE/wie-funktioniert-es/die-app-4.html]
[www.go2ubl.com/DE/wie-funktioniert-es/die-appd61c-2.html]
[www.go2ubl.com/DE/wie-funktioniert-es/die-appdcfd-2.html]
[www.go2ubl.com/DE/Wie-funktioniert-es/die-app-3.html]
[www.go2ubl.com/DE/wie-funktioniert-es/ubbelen-4.html]
[www.go2ubl.com/DE/wie-funktioniert-es/ubbelend61c-2.html]
[www.go2ubl.com/DE/wie-funktioniert-es/ubbelendcfd-2.html]
[www.go2ubl.com/DE/informatie-2.html]
[www.go2ubl.com/DE/informatied61c.html]
[www.go2ubl.com/DE/informatiedcfd.html]
[www.go2ubl.com/DE/Wie-funktioniert-es/ubbelen-3.html]
[www.go2ubl.com/DE/wer-ist-go2ubl-4.html]
[www.go2ubl.com/DE/wer-ist-go2ubld61c-2.html]
[www.go2ubl.com/DE/wer-ist-go2ubldcfd-2.html]
[www.go2ubl.com/DE/Wer-ist-go2UBL-3.html]
[www.go2ubl.com/DE/integration-4.html]
[www.go2ubl.com/DE/integrationd61c-2.html]
[www.go2ubl.com/DE/integrationdcfd-2.html]
[www.go2ubl.com/DE/api-2.html]
[www.go2ubl.com/DE/apid61c.html]
[www.go2ubl.com/DE/apidcfd.html]
[www.go2ubl.com/DE/Integration-3.html]
[www.go2ubl.com/DE/preise-4.html]
[www.go2ubl.com/DE/preised61c-2.html]
[www.go2ubl.com/DE/preisedcfd-2.html]
[www.go2ubl.com/DE/Preise-3.html]
[www.go2ubl.com/DE/faqd61c-2.html]
[www.go2ubl.com/DE/faqdcfd-2.html]
[www.go2ubl.com/DE/FAQ-3.html]
[www.go2ubl.com/DE/contact-2.html]
[www.go2ubl.com/DE/faq-4.html]
[www.go2ubl.com/NL/informatie-2.html]
[www.go2ubl.com/NL/informatied61c.html]
[www.go2ubl.com/NL/informatiedcfd.html]
[www.go2ubl.com/NL/informatiea9e4.html]
[www.go2ubl.com/NL/informatie3ca5.html]
[www.go2ubl.com/NL/informatiefddb.html]
[www.go2ubl.com/NL/informatie0c98.html]
[www.go2ubl.com/NL/informatie2568.html]
[www.go2ubl.com/EN/informatie-2.html]
[www.go2ubl.com/EN/informatied61c.html]
[www.go2ubl.com/EN/informatiedcfd.html]
[www.go2ubl.com/NL/api-2.html]
[www.go2ubl.com/NL/apid61c.html]
[www.go2ubl.com/NL/apidcfd.html]
[www.go2ubl.com/NL/apia9e4.html]
[www.go2ubl.com/NL/api3ca5.html]
[www.go2ubl.com/NL/apifddb.html]
[www.go2ubl.com/NL/api0c98.html]
[www.go2ubl.com/NL/api2568.html]
[www.go2ubl.com/EN/api-2.html]
[www.go2ubl.com/EN/apid61c.html]
[www.go2ubl.com/EN/apidcfd.html]
[www.go2ubl.com/NL/historische-tarieven-2.html]
[www.go2ubl.com/NL/historische-tarievend61c.html]
[www.go2ubl.com/NL/historische-tarievendcfd.html]
[www.go2ubl.com/NL/historische-tarievena9e4.html]
[www.go2ubl.com/NL/historische-tarieven3ca5.html]
[www.go2ubl.com/NL/historische-tarievenfddb.html]
[www.go2ubl.com/NL/historische-tarieven0c98.html]
[www.go2ubl.com/NL/historische-tarieven2568.html]
[www.go2ubl.com/EN/historische-tarieven-2.html]
[www.go2ubl.com/EN/historische-tarievend61c.html]
[www.go2ubl.com/EN/historische-tarievendcfd.html]
[www.go2ubl.com/DE/historische-tarieven-2.html]
[www.go2ubl.com/DE/historische-tarievend61c.html]
[www.go2ubl.com/DE/historische-tarievendcfd.html]
[www.go2ubl.com/EN/in-het-nieuws-2.html]
[www.go2ubl.com/DE/in-het-nieuws-2.html]
[www.go2ubl.com/EN/publicaties-2.html]
[www.go2ubl.com/DE/publicaties-2.html]
[www.go2ubl.com/NL/responsible-disclosure-2.html]
[www.go2ubl.com/EN/responsible-disclosure-2.html]
[www.go2ubl.com/DE/responsible-disclosure-2.html]
[www.go2ubl.com/EN/how-does-it-work-4.html]
[www.go2ubl.com/EN/how-does-it-work/the-app-4.html]
[www.go2ubl.com/EN/how-does-it-work/ubbelen-4.html]
[www.go2ubl.com/EN/who-is-go2ubl-4.html]
[www.go2ubl.com/EN/connections-4.html]
[www.go2ubl.com/EN/rates-4.html]
[www.go2ubl.com/EN/faq-4.html]
[www.go2ubl.com/DE/wie-funktioniert-es-4.html]
[www.go2ubl.com/DE/wie-funktioniert-es/die-app-4.html]
[www.go2ubl.com/DE/wie-funktioniert-es/ubbelen-4.html]
[www.go2ubl.com/DE/informatie-2.html]
[www.go2ubl.com/DE/wer-ist-go2ubl-4.html]
[www.go2ubl.com/DE/integration-4.html]
[www.go2ubl.com/DE/api-2.html]
[www.go2ubl.com/DE/preise-4.html]
[www.go2ubl.com/DE/faq-4.html]
[www.go2ubl.com/NL/informatie-2.html]
[www.go2ubl.com/EN/informatie-2.html]
[www.go2ubl.com/NL/api-2.html]
[www.go2ubl.com/EN/api-2.html]
[www.go2ubl.com/NL/historische-tarieven-2.html]
[www.go2ubl.com/EN/historische-tarieven-2.html]
[www.go2ubl.com/DE/historische-tarieven-2.html]
